// Jest Snapshot v1, https://goo.gl/fbAQLP

exports[`Layout 1`] = `
<div
  className="sc-bdfBwQ cfTGtS"
>
  <header>
    <header
      className="MuiPaper-root MuiAppBar-root MuiAppBar-positionStatic MuiAppBar-colorPrimary MuiPaper-elevation4"
    >
      <div
        className="MuiToolbar-root MuiToolbar-regular sc-gsTCUz kEloeC MuiToolbar-gutters"
      >
        <a
          href="/codt2021/ui"
          rel="noopener noreferrer"
        >
          <img
            className="sc-dlfnbm jFXkDF"
            src="/codt2021/ui/images/codt2021_horizontal.png"
          />
        </a>
        <div
          className="sc-hBEYos ipAVxb"
        >
          <a
            className="sc-kfzAmx dLIGSx"
            href="/codt2021/timetables"
            rel="noreferrer"
          >
            <button
              className="MuiButtonBase-root MuiButton-root MuiButton-text"
              disabled={false}
              onBlur={[Function]}
              onDragLeave={[Function]}
              onFocus={[Function]}
              onKeyDown={[Function]}
              onKeyUp={[Function]}
              onMouseDown={[Function]}
              onMouseLeave={[Function]}
              onMouseUp={[Function]}
              onTouchEnd={[Function]}
              onTouchMove={[Function]}
              onTouchStart={[Function]}
              style={
                Object {
                  "color": "#037f8c",
                }
              }
              tabIndex={0}
              type="button"
            >
              <span
                className="MuiButton-label"
              >
                オンデマンドセッション
              </span>
            </button>
          </a>
          <a
            className="sc-kfzAmx dLIGSx"
            href="/codt2021/ui#booths"
            rel="noreferrer"
          >
            <button
              className="MuiButtonBase-root MuiButton-root MuiButton-text"
              disabled={false}
              onBlur={[Function]}
              onDragLeave={[Function]}
              onFocus={[Function]}
              onKeyDown={[Function]}
              onKeyUp={[Function]}
              onMouseDown={[Function]}
              onMouseLeave={[Function]}
              onMouseUp={[Function]}
              onTouchEnd={[Function]}
              onTouchMove={[Function]}
              onTouchStart={[Function]}
              style={
                Object {
                  "color": "#037f8c",
                }
              }
              tabIndex={0}
              type="button"
            >
              <span
                className="MuiButton-label"
              >
                ブース
              </span>
            </button>
          </a>
          <button
            className="MuiButtonBase-root MuiButton-root MuiButton-text"
            disabled={false}
            href=""
            onBlur={[Function]}
            onDragLeave={[Function]}
            onFocus={[Function]}
            onKeyDown={[Function]}
            onKeyUp={[Function]}
            onMouseDown={[Function]}
            onMouseLeave={[Function]}
            onMouseUp={[Function]}
            onTouchEnd={[Function]}
            onTouchMove={[Function]}
            onTouchStart={[Function]}
            style={
              Object {
                "color": "#037f8c",
              }
            }
            tabIndex={0}
            type="button"
          >
            <span
              className="MuiButton-label"
            >
              ログアウト
            </span>
          </button>
        </div>
      </div>
      <div
        className="sc-fodVxV gJEXNK"
      >
        <a
          className="sc-kfzAmx dLIGSx"
          href="/codt2021/timetables"
          rel="noreferrer"
        >
          <button
            className="MuiButtonBase-root MuiButton-root MuiButton-text"
            disabled={false}
            onBlur={[Function]}
            onDragLeave={[Function]}
            onFocus={[Function]}
            onKeyDown={[Function]}
            onKeyUp={[Function]}
            onMouseDown={[Function]}
            onMouseLeave={[Function]}
            onMouseUp={[Function]}
            onTouchEnd={[Function]}
            onTouchMove={[Function]}
            onTouchStart={[Function]}
            style={
              Object {
                "color": "#037f8c",
              }
            }
            tabIndex={0}
            type="button"
          >
            <span
              className="MuiButton-label"
            >
              オンデマンドセッション
            </span>
          </button>
        </a>
        <a
          className="sc-kfzAmx dLIGSx"
          href="/codt2021/ui#booths"
          rel="noreferrer"
        >
          <button
            className="MuiButtonBase-root MuiButton-root MuiButton-text"
            disabled={false}
            onBlur={[Function]}
            onDragLeave={[Function]}
            onFocus={[Function]}
            onKeyDown={[Function]}
            onKeyUp={[Function]}
            onMouseDown={[Function]}
            onMouseLeave={[Function]}
            onMouseUp={[Function]}
            onTouchEnd={[Function]}
            onTouchMove={[Function]}
            onTouchStart={[Function]}
            style={
              Object {
                "color": "#037f8c",
              }
            }
            tabIndex={0}
            type="button"
          >
            <span
              className="MuiButton-label"
            >
              ブース
            </span>
          </button>
        </a>
        <button
          className="MuiButtonBase-root MuiButton-root MuiButton-text"
          disabled={false}
          href=""
          onBlur={[Function]}
          onDragLeave={[Function]}
          onFocus={[Function]}
          onKeyDown={[Function]}
          onKeyUp={[Function]}
          onMouseDown={[Function]}
          onMouseLeave={[Function]}
          onMouseUp={[Function]}
          onTouchEnd={[Function]}
          onTouchMove={[Function]}
          onTouchStart={[Function]}
          style={
            Object {
              "color": "#037f8c",
            }
          }
          tabIndex={0}
          type="button"
        >
          <span
            className="MuiButton-label"
          >
            ログアウト
          </span>
        </button>
      </div>
    </header>
  </header>
  <div
    className="sc-hKgILt dsFsSH"
  />
  <footer
    className="sc-eCssSg csAIkT"
  >
    <a
      className="sc-gKsewC giTXZJ"
      href="https://cloudopsdays.com/privacy-policy/"
      rel="noopener noreferrer"
      target="_blank"
    >
      プライバシーポリシー
    </a>
    <a
      className="sc-gKsewC giTXZJ"
      href="https://cloudopsdays.com/conduct/"
      rel="noopener noreferrer"
      target="_blank"
    >
      行動規範
    </a>
    <div
      className="sc-jSgupP dTmTMX"
    >
      © Cloud Operator Days Tokyo 2021
    </div>
  </footer>
</div>
`;
